Loading data from: datasets/competition_support_set/competition_train_hvg_2000.h5ad

============================================================
BASIC INFORMATION
============================================================
Shape: (221273, 18080) (n_obs × n_vars)
Observations: 221273
Variables: 18080
Is log-normalized: True

============================================================
MAIN DATA MATRIX (X)
============================================================
Type: csr_matrix
Shape: (221273, 18080)
Dtype: float32

============================================================
OBSERVATIONS ANNOTATIONS (.obs)
============================================================
Number of columns: 5
  target_gene: category (151 unique values)
    → Non-targeting cells: 38176 (17.25%)
  guide_id: category (189 unique values)
  batch: category (48 unique values)
  batch_var: category (48 unique values)
  cell_type: category (1 unique values)

============================================================
VARIABLES ANNOTATIONS (.var)
============================================================
Number of columns: 5
  highly_variable: bool (2 unique values)
  highly_variable_rank: float32 (2000 unique values)
  means: float64 (18077 unique values)
  variances: float64 (18077 unique values)
  variances_norm: float64 (18077 unique values)

============================================================
UNSTRUCTURED ANNOTATIONS (.uns)
============================================================
Number of keys: 2
  hvg: dict with 1 keys
  log1p: dict with 0 keys

============================================================
OBSERVATIONS MULTI-DIMENSIONAL (.obsm)
============================================================
Number of keys: 1
  X_hvg: ndarray with shape (221273, 2000)

============================================================
VARIABLES MULTI-DIMENSIONAL (.varm)
============================================================
No multi-dimensional variable annotations

============================================================
LAYERS (.layers)
============================================================
No layers

============================================================
OBSERVATIONS PAIRWISE (.obsp)
============================================================
No pairwise observation annotations

============================================================
VARIABLES PAIRWISE (.varp)
============================================================
No pairwise variable annotations

