Loading data from: datasets/competition_support_set/hepg2.h5

============================================================
BASIC INFORMATION
============================================================
Shape: (9386, 18080) (n_obs × n_vars)
Observations: 9386
Variables: 18080
Is log-normalized: True

============================================================
MAIN DATA MATRIX (X)
============================================================
Type: ndarray
Shape: (9386, 18080)
Dtype: float32

============================================================
OBSERVATIONS ANNOTATIONS (.obs)
============================================================
Number of columns: 12
  gem_group: int64 (56 unique values)
  gene: category (69 unique values)
  gene_id: category (69 unique values)
  transcript: category (4 unique values)
  gene_transcript: category (201 unique values)
  sgID_AB: category (201 unique values)
  mitopercent: float32 (9372 unique values)
  UMI_count: float32 (7973 unique values)
  z_gemgroup_UMI: float32 (9343 unique values)
  batch_var: category (56 unique values)
  target_gene: category (69 unique values)
    → Non-targeting cells: 4976 (53.02%)
  cell_type: category (1 unique values)

============================================================
VARIABLES ANNOTATIONS (.var)
============================================================
No variable annotations

============================================================
UNSTRUCTURED ANNOTATIONS (.uns)
============================================================
No unstructured annotations

============================================================
OBSERVATIONS MULTI-DIMENSIONAL (.obsm)
============================================================
No multi-dimensional observation annotations

============================================================
VARIABLES MULTI-DIMENSIONAL (.varm)
============================================================
No multi-dimensional variable annotations

============================================================
LAYERS (.layers)
============================================================
No layers

============================================================
OBSERVATIONS PAIRWISE (.obsp)
============================================================
No pairwise observation annotations

============================================================
VARIABLES PAIRWISE (.varp)
============================================================
No pairwise variable annotations

